Desitkova soustava: 11 24
Sestnactkova soustava: b 18
Soucet: 11 + 24 = 35
Rozdil: 11 - 24 = -13
Soucin: 11 * 24 = 264
Podil: 11 / 24 = 0
Prumer: 17.5
