Desitkova soustava: 212 -78
Sestnactkova soustava: d4 ffffffb2
Soucet: 212 + -78 = 134
Rozdil: 212 - -78 = 290
Soucin: 212 * -78 = -16536
Podil: 212 / -78 = -2
Prumer: 67.0
