212, -78, 5, 16, 32
Pocet cisel: 5
Pocet kladnych: 4
Pocet zapornych: 1
Procento kladnych: 80.00
Procento zapornych: 20.00
Pocet sudych: 4
Pocet lichych: 1
Procento sudych: 80.00
Procento lichych: 20.00
Prumer: 37.40
Maximum: 212
Minimum: -78
