Desitkova soustava: 152 0
Sestnactkova soustava: 98 0
Soucet: 152 + 0 = 152
Rozdil: 152 - 0 = 152
Soucin: 152 * 0 = 0
Nedefinovany vysledek!
Prumer: 76.0
