159Za
159aZ
15Z9a
15Za9
15a9Z
15aZ9
195Za
195aZ
19Z5a
19Za5
19a5Z
19aZ5
1Z59a
1Z5a9
1Z95a
1Z9a5
1Za59
1Za95
1a59Z
1a5Z9
1a95Z
1a9Z5
1aZ59
1aZ95
519Za
519aZ
51Z9a
51Za9
51a9Z
51aZ9
591Za
591aZ
59Z1a
59Za1
59a1Z
59aZ1
5Z19a
5Z1a9
5Z91a
5Z9a1
5Za19
5Za91
5a19Z
5a1Z9
5a91Z
5a9Z1
5aZ19
5aZ91
915Za
915aZ
91Z5a
91Za5
91a5Z
91aZ5
951Za
951aZ
95Z1a
95Za1
95a1Z
95aZ1
9Z15a
9Z1a5
9Z51a
9Z5a1
9Za15
9Za51
9a15Z
9a1Z5
9a51Z
9a5Z1
9aZ15
9aZ51
Z159a
Z15a9
Z195a
Z19a5
Z1a59
Z1a95
Z519a
Z51a9
Z591a
Z59a1
Z5a19
Z5a91
Z915a
Z91a5
Z951a
Z95a1
Z9a15
Z9a51
Za159
Za195
Za519
Za591
Za915
Za951
a159Z
a15Z9
a195Z
a19Z5
a1Z59
a1Z95
a519Z
a51Z9
a591Z
a59Z1
a5Z19
a5Z91
a915Z
a91Z5
a951Z
a95Z1
a9Z15
a9Z51
aZ159
aZ195
aZ519
aZ591
aZ915
aZ951
